loading receptor: receptor.pdbqt
loading ligand: ligand.pdbqt

set box using ligand
    Box center:     2.855    94.244    24.426
    Box length:    24.750    21.000    27.000
    Box size  :        66        56        72
    padding   :     4.000
    spacing   :     0.375

identifying pockets using AutoSite ....
    found 3 pocket(s)

    pocket|  energy | # of |Rad. of | energy |   bns    | score  
    number|         |points|gyration|per vol.|buriedness|v*b^2/rg
    ------+---------+------+--------+--------+----------+---------
        1   -119.17   327    5.82     -0.36      0.79      34.77
        2    -64.93   193    3.89     -0.34      0.78      30.24
        3    -47.18   166    3.65     -0.28      0.72      23.61
    merging clusters ...
done. got 94 fill Points, in 11.47 (sec)

setting map types using: all to ['HS', 'Mg', 'HD', 'NA', 'Fe', 'Br', 'NS', 'A', 'C', 'Mn', 'G', 'F', 'I', 'H', 'J', 'N', 'Q', 'P', 'S', 'GA', 'Z', 'Zn', 'Cl', 'Ca', 'OA', 'SA', 'OS']

computing maps for center=(2.855 94.244 24.426) size=(24.750 21.000 27.000) dims=(66 56 72) ...
    89 points inside the box

    maps computed in 15.42 (sec)
Adding gradient to maps ...
done adding gradient to maps 190.40 (sec)
making target file test.trg ...done.
    done. 212.38 (sec)

